// Jest Snapshot v1, https://goo.gl/fbAQLP

exports[`App should render app component 1`] = `ShallowWrapper {}`;

exports[`Image should render image component 1`] = `ShallowWrapper {}`;
