// Jest Snapshot v1, https://goo.gl/fbAQLP

exports[`HeaderImage should render header image component 1`] = `ShallowWrapper {}`;
