// Jest Snapshot v1, https://goo.gl/fbAQLP

exports[`ImageList should render image list component 1`] = `ShallowWrapper {}`;
