// Jest Snapshot v1, https://goo.gl/fbAQLP

exports[`Image should render image component 1`] = `ShallowWrapper {}`;
