// Jest Snapshot v1, https://goo.gl/fbAQLP

exports[`Left Arrow should render left arrow component 1`] = `ShallowWrapper {}`;
