// Jest Snapshot v1, https://goo.gl/fbAQLP

exports[`Right Arrow should render right arrow component 1`] = `ShallowWrapper {}`;
